------------------------------------------------------------
Timing Analyzer Summary
------------------------------------------------------------

Type  : Slow 1200mV 85C Model Setup 'CLOCK_50'
Slack : -1.310
TNS   : -34.916

Type  : Slow 1200mV 85C Model Setup 'KEY[0]'
Slack : -1.196
TNS   : -6.806

Type  : Slow 1200mV 85C Model Hold 'CLOCK_50'
Slack : 0.330
TNS   : 0.000

Type  : Slow 1200mV 85C Model Hold 'KEY[0]'
Slack : 1.022
TNS   : 0.000

Type  : Slow 1200mV 85C Model Minimum Pulse Width 'CLOCK_50'
Slack : -3.000
TNS   : -67.538

Type  : Slow 1200mV 85C Model Minimum Pulse Width 'KEY[0]'
Slack : -3.000
TNS   : -14.224

Type  : Slow 1200mV 0C Model Setup 'CLOCK_50'
Slack : -1.110
TNS   : -28.131

Type  : Slow 1200mV 0C Model Setup 'KEY[0]'
Slack : -1.045
TNS   : -5.775

Type  : Slow 1200mV 0C Model Hold 'CLOCK_50'
Slack : 0.296
TNS   : 0.000

Type  : Slow 1200mV 0C Model Hold 'KEY[0]'
Slack : 0.965
TNS   : 0.000

Type  : Slow 1200mV 0C Model Minimum Pulse Width 'CLOCK_50'
Slack : -3.000
TNS   : -67.538

Type  : Slow 1200mV 0C Model Minimum Pulse Width 'KEY[0]'
Slack : -3.000
TNS   : -14.224

Type  : Fast 1200mV 0C Model Setup 'CLOCK_50'
Slack : -0.186
TNS   : -0.269

Type  : Fast 1200mV 0C Model Setup 'KEY[0]'
Slack : -0.110
TNS   : -0.237

Type  : Fast 1200mV 0C Model Hold 'CLOCK_50'
Slack : 0.145
TNS   : 0.000

Type  : Fast 1200mV 0C Model Hold 'KEY[0]'
Slack : 0.544
TNS   : 0.000

Type  : Fast 1200mV 0C Model Minimum Pulse Width 'CLOCK_50'
Slack : -3.000
TNS   : -51.051

Type  : Fast 1200mV 0C Model Minimum Pulse Width 'KEY[0]'
Slack : -3.000
TNS   : -12.125

------------------------------------------------------------
